// Jest Snapshot v1, https://goo.gl/fbAQLP

exports[`bins actual cycles by day: cycles binned by day and part 1`] = `
Map {
  "DayAndPart {
  \\"day\\": 2018-03-04T06:00:00.000Z,
  \\"part\\": \\"partk-3\\",
}" => Object {
    "activeMachineMins": 15,
    "count": 1,
  },
  "DayAndPart {
  \\"day\\": 2018-03-04T06:00:00.000Z,
  \\"part\\": \\"partm-2\\",
}" => Object {
    "activeMachineMins": 20,
    "count": 1,
  },
}
`;

exports[`bins actual cycles by day: heatmap clipboard table 1`] = `
<div>
  <table>
    

    <thead>
      <tr>
        <th>
          Part
        </th>
        <th>
          Expected Cycle Mins
        </th>
        <th>
          Sun Mar 04 2018 Completed
        </th>
        <th>
          Sun Mar 04 2018 Std. Hours
        </th>
      </tr>
    </thead>
    

    <tbody>
      

      <tr>
        <th>
          partk-3
        </th>
        <th>
          15.0
        </th>
        <td>
          1
        </td>
        <td>
          0.3
        </td>
      </tr>
      

      <tr>
        <th>
          partm-2
        </th>
        <th>
          20.0
        </th>
        <td>
          1
        </td>
        <td>
          0.3
        </td>
      </tr>
      

    </tbody>
    

  </table>
</div>
`;
