// Jest Snapshot v1, https://goo.gl/fbAQLP

exports[`renders the dashboard: current jobs plot 1`] = `
<div
  class="rv-xy-plot "
  style="width: 0px; height: 360px;"
>
  <svg
    class="rv-xy-plot__inner"
    height="360"
    width="0"
  >
    <g
      class="rv-xy-plot__axis rv-xy-plot__axis--horizontal "
      transform="translate(60,320)"
    >
      <line
        class="rv-xy-plot__axis__line"
        x1="0"
        x2="-70"
        y1="0"
        y2="0"
      />
      <g
        class="rv-xy-plot__axis__ticks"
        transform="translate(0, 0)"
      >
        <g
          class="rv-xy-plot__axis__tick"
          transform="translate(0, 0)"
        >
          <line
            class="rv-xy-plot__axis__tick__line"
            x1="0"
            x2="0"
            y1="-6"
            y2="6"
          />
          <text
            class="rv-xy-plot__axis__tick__text"
            dy="0.72em"
            text-anchor="middle"
            transform="translate(0, 14)"
          >
            0
          </text>
        </g>
        <g
          class="rv-xy-plot__axis__tick"
          transform="translate(-12.396694214876034, 0)"
        >
          <line
            class="rv-xy-plot__axis__tick__line"
            x1="0"
            x2="0"
            y1="-6"
            y2="6"
          />
          <text
            class="rv-xy-plot__axis__tick__text"
            dy="0.72em"
            text-anchor="middle"
            transform="translate(0, 14)"
          >
            5
          </text>
        </g>
        <g
          class="rv-xy-plot__axis__tick"
          transform="translate(-24.793388429752067, 0)"
        >
          <line
            class="rv-xy-plot__axis__tick__line"
            x1="0"
            x2="0"
            y1="-6"
            y2="6"
          />
          <text
            class="rv-xy-plot__axis__tick__text"
            dy="0.72em"
            text-anchor="middle"
            transform="translate(0, 14)"
          >
            10
          </text>
        </g>
        <g
          class="rv-xy-plot__axis__tick"
          transform="translate(-37.1900826446281, 0)"
        >
          <line
            class="rv-xy-plot__axis__tick__line"
            x1="0"
            x2="0"
            y1="-6"
            y2="6"
          />
          <text
            class="rv-xy-plot__axis__tick__text"
            dy="0.72em"
            text-anchor="middle"
            transform="translate(0, 14)"
          >
            15
          </text>
        </g>
        <g
          class="rv-xy-plot__axis__tick"
          transform="translate(-49.586776859504134, 0)"
        >
          <line
            class="rv-xy-plot__axis__tick__line"
            x1="0"
            x2="0"
            y1="-6"
            y2="6"
          />
          <text
            class="rv-xy-plot__axis__tick__text"
            dy="0.72em"
            text-anchor="middle"
            transform="translate(0, 14)"
          >
            20
          </text>
        </g>
        <g
          class="rv-xy-plot__axis__tick"
          transform="translate(-61.98347107438016, 0)"
        >
          <line
            class="rv-xy-plot__axis__tick__line"
            x1="0"
            x2="0"
            y1="-6"
            y2="6"
          />
          <text
            class="rv-xy-plot__axis__tick__text"
            dy="0.72em"
            text-anchor="middle"
            transform="translate(0, 14)"
          >
            25
          </text>
        </g>
      </g>
    </g>
    <g
      class="rv-xy-plot__axis rv-xy-plot__axis--vertical "
      transform="translate(0,10)"
    >
      <line
        class="rv-xy-plot__axis__line"
        x1="60"
        x2="60"
        y1="0"
        y2="310"
      />
      <g
        class="rv-xy-plot__axis__ticks"
        transform="translate(60, 0)"
      >
        <g
          class="rv-xy-plot__axis__tick"
          transform="translate(0, 292.77777777777777)"
        >
          <line
            class="rv-xy-plot__axis__tick__line"
            x1="6"
            x2="-6"
            y1="0"
            y2="0"
          />
          <text
            class="rv-xy-plot__axis__tick__text"
            dy="0.32em"
            text-anchor="end"
            transform="translate(-14, 0)"
          >
            <tspan>
              <tspan>
                xxx-1
              </tspan>
              <tspan
                dy="1.2em"
                x="0"
              >
                1 / 3
              </tspan>
            </tspan>
          </text>
        </g>
        <g
          class="rv-xy-plot__axis__tick"
          transform="translate(0, 258.3333333333333)"
        >
          <line
            class="rv-xy-plot__axis__tick__line"
            x1="6"
            x2="-6"
            y1="0"
            y2="0"
          />
          <text
            class="rv-xy-plot__axis__tick__text"
            dy="0.32em"
            text-anchor="end"
            transform="translate(-14, 0)"
          >
            <tspan>
              <tspan>
                zzz-1
              </tspan>
              <tspan
                dy="1.2em"
                x="0"
              >
                17 / 22
              </tspan>
            </tspan>
          </text>
        </g>
        <g
          class="rv-xy-plot__axis__tick"
          transform="translate(0, 223.88888888888889)"
        >
          <line
            class="rv-xy-plot__axis__tick__line"
            x1="6"
            x2="-6"
            y1="0"
            y2="0"
          />
          <text
            class="rv-xy-plot__axis__tick__text"
            dy="0.32em"
            text-anchor="end"
            transform="translate(-14, 0)"
          >
            <tspan>
              <tspan>
                yyy-1
              </tspan>
              <tspan
                dy="1.2em"
                x="0"
              >
                10 / 28
              </tspan>
            </tspan>
          </text>
        </g>
        <g
          class="rv-xy-plot__axis__tick"
          transform="translate(0, 189.44444444444446)"
        >
          <line
            class="rv-xy-plot__axis__tick__line"
            x1="6"
            x2="-6"
            y1="0"
            y2="0"
          />
          <text
            class="rv-xy-plot__axis__tick__text"
            dy="0.32em"
            text-anchor="end"
            transform="translate(-14, 0)"
          >
            <tspan>
              <tspan>
                ccc-2
              </tspan>
              <tspan
                dy="1.2em"
                x="0"
              >
                0 / 17
              </tspan>
            </tspan>
          </text>
        </g>
        <g
          class="rv-xy-plot__axis__tick"
          transform="translate(0, 155)"
        >
          <line
            class="rv-xy-plot__axis__tick__line"
            x1="6"
            x2="-6"
            y1="0"
            y2="0"
          />
          <text
            class="rv-xy-plot__axis__tick__text"
            dy="0.32em"
            text-anchor="end"
            transform="translate(-14, 0)"
          >
            <tspan>
              <tspan>
                ccc-1
              </tspan>
              <tspan
                dy="1.2em"
                x="0"
              >
                0 / 17
              </tspan>
            </tspan>
          </text>
        </g>
        <g
          class="rv-xy-plot__axis__tick"
          transform="translate(0, 120.55555555555556)"
        >
          <line
            class="rv-xy-plot__axis__tick__line"
            x1="6"
            x2="-6"
            y1="0"
            y2="0"
          />
          <text
            class="rv-xy-plot__axis__tick__text"
            dy="0.32em"
            text-anchor="end"
            transform="translate(-14, 0)"
          >
            <tspan>
              <tspan>
                bbb-2
              </tspan>
              <tspan
                dy="1.2em"
                x="0"
              >
                0 / 10
              </tspan>
            </tspan>
          </text>
        </g>
        <g
          class="rv-xy-plot__axis__tick"
          transform="translate(0, 86.11111111111111)"
        >
          <line
            class="rv-xy-plot__axis__tick__line"
            x1="6"
            x2="-6"
            y1="0"
            y2="0"
          />
          <text
            class="rv-xy-plot__axis__tick__text"
            dy="0.32em"
            text-anchor="end"
            transform="translate(-14, 0)"
          >
            <tspan>
              <tspan>
                bbb-1
              </tspan>
              <tspan
                dy="1.2em"
                x="0"
              >
                8 / 10
              </tspan>
            </tspan>
          </text>
        </g>
        <g
          class="rv-xy-plot__axis__tick"
          transform="translate(0, 51.66666666666667)"
        >
          <line
            class="rv-xy-plot__axis__tick__line"
            x1="6"
            x2="-6"
            y1="0"
            y2="0"
          />
          <text
            class="rv-xy-plot__axis__tick__text"
            dy="0.32em"
            text-anchor="end"
            transform="translate(-14, 0)"
          >
            <tspan>
              <tspan>
                aaa-2
              </tspan>
              <tspan
                dy="1.2em"
                x="0"
              >
                2 / 16
              </tspan>
            </tspan>
          </text>
        </g>
        <g
          class="rv-xy-plot__axis__tick"
          transform="translate(0, 17.22222222222223)"
        >
          <line
            class="rv-xy-plot__axis__tick__line"
            x1="6"
            x2="-6"
            y1="0"
            y2="0"
          />
          <text
            class="rv-xy-plot__axis__tick__text"
            dy="0.32em"
            text-anchor="end"
            transform="translate(-14, 0)"
          >
            <tspan>
              <tspan>
                aaa-1
              </tspan>
              <tspan
                dy="1.2em"
                x="0"
              >
                5 / 16
              </tspan>
            </tspan>
          </text>
        </g>
      </g>
    </g>
    <g
      class="rv-xy-plot__grid-lines undefined"
      transform="translate(60,10)"
    >
      <line
        class="rv-xy-plot__grid-lines__line"
        x1="0"
        x2="-70"
        y1="292.77777777777777"
        y2="292.77777777777777"
      />
      <line
        class="rv-xy-plot__grid-lines__line"
        x1="0"
        x2="-70"
        y1="258.3333333333333"
        y2="258.3333333333333"
      />
      <line
        class="rv-xy-plot__grid-lines__line"
        x1="0"
        x2="-70"
        y1="223.88888888888889"
        y2="223.88888888888889"
      />
      <line
        class="rv-xy-plot__grid-lines__line"
        x1="0"
        x2="-70"
        y1="189.44444444444446"
        y2="189.44444444444446"
      />
      <line
        class="rv-xy-plot__grid-lines__line"
        x1="0"
        x2="-70"
        y1="155"
        y2="155"
      />
      <line
        class="rv-xy-plot__grid-lines__line"
        x1="0"
        x2="-70"
        y1="120.55555555555556"
        y2="120.55555555555556"
      />
      <line
        class="rv-xy-plot__grid-lines__line"
        x1="0"
        x2="-70"
        y1="86.11111111111111"
        y2="86.11111111111111"
      />
      <line
        class="rv-xy-plot__grid-lines__line"
        x1="0"
        x2="-70"
        y1="51.66666666666667"
        y2="51.66666666666667"
      />
      <line
        class="rv-xy-plot__grid-lines__line"
        x1="0"
        x2="-70"
        y1="17.22222222222223"
        y2="17.22222222222223"
      />
    </g>
    <g
      class="rv-xy-plot__grid-lines undefined"
      transform="translate(60,10)"
    >
      <line
        class="rv-xy-plot__grid-lines__line"
        x1="0"
        x2="0"
        y1="0"
        y2="310"
      />
      <line
        class="rv-xy-plot__grid-lines__line"
        x1="-12.396694214876034"
        x2="-12.396694214876034"
        y1="0"
        y2="310"
      />
      <line
        class="rv-xy-plot__grid-lines__line"
        x1="-24.793388429752067"
        x2="-24.793388429752067"
        y1="0"
        y2="310"
      />
      <line
        class="rv-xy-plot__grid-lines__line"
        x1="-37.1900826446281"
        x2="-37.1900826446281"
        y1="0"
        y2="310"
      />
      <line
        class="rv-xy-plot__grid-lines__line"
        x1="-49.586776859504134"
        x2="-49.586776859504134"
        y1="0"
        y2="310"
      />
      <line
        class="rv-xy-plot__grid-lines__line"
        x1="-61.98347107438016"
        x2="-61.98347107438016"
        y1="0"
        y2="310"
      />
    </g>
    <g
      class="rv-xy-plot__series rv-xy-plot__series--bar "
      transform="translate(60,10)"
    >
      <rect
        height="29.27777777777779"
        style="opacity: 1; stroke: #795548; fill: #795548;"
        width="0.7231404958677686"
        x="-0.7231404958677686"
        y="278.13888888888886"
      />
      <rect
        height="29.27777777777779"
        style="opacity: 1; stroke: #795548; fill: #795548;"
        width="54.0909090909091"
        x="-54.0909090909091"
        y="243.69444444444443"
      />
      <rect
        height="29.27777777777779"
        style="opacity: 1; stroke: #795548; fill: #795548;"
        width="10.330578512396693"
        x="-10.330578512396693"
        y="209.25"
      />
      <rect
        height="29.27777777777779"
        style="opacity: 1; stroke: #795548; fill: #795548;"
        width="0"
        x="0"
        y="174.80555555555557"
      />
      <rect
        height="29.27777777777779"
        style="opacity: 1; stroke: #795548; fill: #795548;"
        width="0"
        x="0"
        y="140.36111111111111"
      />
      <rect
        height="29.27777777777779"
        style="opacity: 1; stroke: #795548; fill: #795548;"
        width="0"
        x="0"
        y="105.91666666666666"
      />
      <rect
        height="29.27777777777779"
        style="opacity: 1; stroke: #795548; fill: #795548;"
        width="1.322314049586777"
        x="-1.322314049586777"
        y="71.47222222222221"
      />
      <rect
        height="29.27777777777779"
        style="opacity: 1; stroke: #795548; fill: #795548;"
        width="0.7685950413223139"
        x="-0.7685950413223139"
        y="37.02777777777778"
      />
      <rect
        height="29.27777777777779"
        style="opacity: 1; stroke: #795548; fill: #795548;"
        width="2.520661157024793"
        x="-2.520661157024793"
        y="2.583333333333334"
      />
    </g>
    <g
      class="rv-xy-plot__series rv-xy-plot__series--custom-svg-wrapper "
      transform="translate(60,10)"
    >
      <g
        class="rv-xy-plot__series--custom-svg"
        transform="translate(-2.1694214876033056,292.77777777777777)"
      >
        <rect
          fill="black"
          height="10"
          width="4"
          x="-2"
          y="-5"
        />
      </g>
      <g
        class="rv-xy-plot__series--custom-svg"
        transform="translate(-70,258.3333333333333)"
      >
        <rect
          fill="black"
          height="10"
          width="4"
          x="-2"
          y="-5"
        />
      </g>
      <g
        class="rv-xy-plot__series--custom-svg"
        transform="translate(-28.925619834710744,223.88888888888889)"
      >
        <rect
          fill="black"
          height="10"
          width="4"
          x="-2"
          y="-5"
        />
      </g>
      <g
        class="rv-xy-plot__series--custom-svg"
        transform="translate(-10.888429752066118,189.44444444444446)"
      >
        <rect
          fill="black"
          height="10"
          width="4"
          x="-2"
          y="-5"
        />
      </g>
      <g
        class="rv-xy-plot__series--custom-svg"
        transform="translate(-28.099173553719005,155)"
      >
        <rect
          fill="black"
          height="10"
          width="4"
          x="-2"
          y="-5"
        />
      </g>
      <g
        class="rv-xy-plot__series--custom-svg"
        transform="translate(-8.264462809917354,120.55555555555556)"
      >
        <rect
          fill="black"
          height="10"
          width="4"
          x="-2"
          y="-5"
        />
      </g>
      <g
        class="rv-xy-plot__series--custom-svg"
        transform="translate(-1.652892561983471,86.11111111111111)"
      >
        <rect
          fill="black"
          height="10"
          width="4"
          x="-2"
          y="-5"
        />
      </g>
      <g
        class="rv-xy-plot__series--custom-svg"
        transform="translate(-6.1487603305785115,51.66666666666667)"
      >
        <rect
          fill="black"
          height="10"
          width="4"
          x="-2"
          y="-5"
        />
      </g>
      <g
        class="rv-xy-plot__series--custom-svg"
        transform="translate(-8.066115702479339,17.22222222222223)"
      >
        <rect
          fill="black"
          height="10"
          width="4"
          x="-2"
          y="-5"
        />
      </g>
    </g>
  </svg>
</div>
`;

exports[`renders the dashboard: station oee 1`] = `
<div
  class="MuiGrid-root MuiGrid-container MuiGrid-justify-xs-space-around"
  data-testid="stationoee-container"
>
  <div
    class="MuiGrid-root MuiGrid-item MuiGrid-grid-xs-12 MuiGrid-grid-sm-6 MuiGrid-grid-md-4 MuiGrid-grid-lg-3"
  >
    <svg
      class=""
      viewBox="0 0 400 400"
    >
      <circle
        cx="200"
        cy="200"
        fill="transparent"
        r="150"
        stroke="#E0E0E0"
        stroke-width="10"
      />
      <text
        style="font-size: 45px;"
        text-anchor="middle"
        x="200"
        y="190"
      >
        Machine #1
      </text>
      <text
        style="font-size: 30px;"
        text-anchor="middle"
        x="200"
        y="250"
      >
        <tspan
          fill="#1B5E20"
        >
          Pal 
          4
        </tspan>
      </text>
    </svg>
  </div>
  <div
    class="MuiGrid-root MuiGrid-item MuiGrid-grid-xs-12 MuiGrid-grid-sm-6 MuiGrid-grid-md-4 MuiGrid-grid-lg-3"
  >
    <svg
      class=""
      viewBox="0 0 400 400"
    >
      <circle
        cx="200"
        cy="200"
        fill="transparent"
        r="150"
        stroke="#E0E0E0"
        stroke-width="10"
      />
      <text
        style="font-size: 45px;"
        text-anchor="middle"
        x="200"
        y="190"
      >
        Machine #2
      </text>
      <text
        style="font-size: 30px;"
        text-anchor="middle"
        x="200"
        y="250"
      >
        <tspan
          fill="#1B5E20"
        >
          Pal 
          6
        </tspan>
      </text>
      <text
        style="font-size: 30px;"
        text-anchor="middle"
        x="200"
        y="300"
      >
        <tspan
          fill="#F57F17"
        >
          Pal 
          7
        </tspan>
      </text>
    </svg>
  </div>
  <div
    class="MuiGrid-root MuiGrid-item MuiGrid-grid-xs-12 MuiGrid-grid-sm-6 MuiGrid-grid-md-4 MuiGrid-grid-lg-3"
  >
    <svg
      class=""
      viewBox="0 0 400 400"
    >
      <circle
        cx="200"
        cy="200"
        fill="transparent"
        r="150"
        stroke="#E0E0E0"
        stroke-width="10"
      />
      <text
        style="font-size: 45px;"
        text-anchor="middle"
        x="200"
        y="190"
      >
        Machine #3
      </text>
      <text
        style="font-size: 30px;"
        text-anchor="middle"
        x="200"
        y="250"
      >
        <tspan
          fill="#1B5E20"
        >
          Pal 
          8
        </tspan>
      </text>
    </svg>
  </div>
  <div
    class="MuiGrid-root MuiGrid-item MuiGrid-grid-xs-12 MuiGrid-grid-sm-6 MuiGrid-grid-md-4 MuiGrid-grid-lg-3"
  >
    <svg
      class=""
      viewBox="0 0 400 400"
    >
      <circle
        cx="200"
        cy="200"
        fill="transparent"
        r="150"
        stroke="#E0E0E0"
        stroke-width="10"
      />
      <text
        style="font-size: 45px;"
        text-anchor="middle"
        x="200"
        y="190"
      >
        L/U #1
      </text>
      <text
        style="font-size: 30px;"
        text-anchor="middle"
        x="200"
        y="250"
      >
        <tspan
          fill="#1B5E20"
        >
          Pal 
          1
        </tspan>
      </text>
    </svg>
  </div>
  <div
    class="MuiGrid-root MuiGrid-item MuiGrid-grid-xs-12 MuiGrid-grid-sm-6 MuiGrid-grid-md-4 MuiGrid-grid-lg-3"
  >
    <svg
      class=""
      viewBox="0 0 400 400"
    >
      <circle
        cx="200"
        cy="200"
        fill="transparent"
        r="150"
        stroke="#E0E0E0"
        stroke-width="10"
      />
      <text
        style="font-size: 45px;"
        text-anchor="middle"
        x="200"
        y="190"
      >
        L/U #2
      </text>
      <text
        style="font-size: 30px;"
        text-anchor="middle"
        x="200"
        y="250"
      >
        <tspan
          fill="#1B5E20"
        >
          Pal 
          5
        </tspan>
      </text>
    </svg>
  </div>
</div>
`;
